[    0.000000] Linux version 4.15.0-212-generic (buildd@lcy02-amd64-083) (gcc version 7.5.0 (Ubuntu 7.5.0-3ubuntu1~18.04)) #223-Ubuntu SMP Tue May 23 13:09:22 UTC 2023 (Ubuntu 4.15.0-212.223-generic 4.15.18)
[    0.000000] Command line: BOOT_IMAGE=/boot/vmlinuz-4.15.0-212-generic root=LABEL=cloudimg-rootfs ro console=tty1 console=ttyS0
[    0.000000] KERNEL supported cpus:
[    0.000000]   Intel GenuineIntel
[    0.000000]   AMD AuthenticAMD
[    0.000000]   Centaur CentaurHauls
[    0.000000] x86/fpu: x87 FPU will use FXSAVE
[    0.000000] e820: BIOS-provided physical RAM map:
[    0.000000] BIOS-e820: [mem 0x0000000000000000-0x000000000009fbff] usable
[    0.000000] BIOS-e820: [mem 0x000000000009fc00-0x000000000009ffff] reserved
[    0.000000] BIOS-e820: [mem 0x00000000000f0000-0x00000000000fffff] reserved
[    0.000000] BIOS-e820: [mem 0x0000000000100000-0x000000003ffeffff] usable
[    0.000000] BIOS-e820: [mem 0x000000003fff0000-0x000000003fffffff] ACPI data
[    0.000000] BIOS-e820: [mem 0x00000000fec00000-0x00000000fec00fff] reserved
[    0.000000] BIOS-e820: [mem 0x00000000fee00000-0x00000000fee00fff] reserved
[    0.000000] BIOS-e820: [mem 0x00000000fffc0000-0x00000000ffffffff] reserved
[    0.000000] NX (Execute Disable) protection: active
[    0.000000] SMBIOS 2.5 present.
[    0.000000] DMI: innotek GmbH VirtualBox/VirtualBox, BIOS VirtualBox 12/01/2006
[    0.000000] Hypervisor detected: KVM
[    0.000000] e820: last_pfn = 0x3fff0 max_arch_pfn = 0x400000000
[    0.000000] MTRR: Disabled
[    0.000000] x86/PAT: MTRRs disabled, skipping PAT initialization too.
[    0.000000] CPU MTRRs all blank - virtualized system.
[    0.000000] x86/PAT: Configuration [0-7]: WB  WT  UC- UC  WB  WT  UC- UC  
[    0.000000] found SMP MP-table at [mem 0x0009fff0-0x0009ffff]
[    0.000000] Scanning 1 areas for low memory corruption
[    0.000000] RAMDISK: [mem 0x359cb000-0x36cdcfff]
[    0.000000] ACPI: Early table checksum verification disabled
[    0.000000] ACPI: RSDP 0x00000000000E0000 000024 (v02 VBOX  )
[    0.000000] ACPI: XSDT 0x000000003FFF0030 00003C (v01 VBOX   VBOXXSDT 00000001 ASL  00000061)
[    0.000000] ACPI: FACP 0x000000003FFF00F0 0000F4 (v04 VBOX   VBOXFACP 00000001 ASL  00000061)
[    0.000000] ACPI: DSDT 0x000000003FFF0610 002353 (v02 VBOX   VBOXBIOS 00000002 INTL 20100528)
[    0.000000] ACPI: FACS 0x000000003FFF0200 000040
[    0.000000] ACPI: FACS 0x000000003FFF0200 000040
[    0.000000] ACPI: APIC 0x000000003FFF0240 00005C (v02 VBOX   VBOXAPIC 00000001 ASL  00000061)
[    0.000000] ACPI: SSDT 0x000000003FFF02A0 00036C (v01 VBOX   VBOXCPUT 00000002 INTL 20100528)
[    0.000000] ACPI: Reserving FACP table memory at [mem 0x3fff00f0-0x3fff01e3]
[    0.000000] ACPI: Reserving DSDT table memory at [mem 0x3fff0610-0x3fff2962]
[    0.000000] ACPI: Reserving FACS table memory at [mem 0x3fff0200-0x3fff023f]
[    0.000000] ACPI: Reserving FACS table memory at [mem 0x3fff0200-0x3fff023f]
[    0.000000] ACPI: Reserving APIC table memory at [mem 0x3fff0240-0x3fff029b]
[    0.000000] ACPI: Reserving SSDT table memory at [mem 0x3fff02a0-0x3fff060b]
[    0.000000] No NUMA configuration found
[    0.000000] Faking a node at [mem 0x0000000000000000-0x000000003ffeffff]
[    0.000000] NODE_DATA(0) allocated [mem 0x3ffc5000-0x3ffeffff]
[    0.000000] kvm-clock: cpu 0, msr 0:3ff44001, primary cpu clock
[    0.000000] kvm-clock: Using msrs 4b564d01 and 4b564d00
[    0.000000] kvm-clock: using sched offset of 6218086364 cycles
[    0.000000] clocksource: kvm-clock: mask: 0xffffffffffffffff max_cycles: 0x1cd42e4dffb, max_idle_ns: 881590591483 ns
[    0.000000] Zone ranges:
[    0.000000]   DMA      [mem 0x0000000000001000-0x0000000000ffffff]
[    0.000000]   DMA32    [mem 0x0000000001000000-0x000000003ffeffff]
[    0.000000]   Normal   empty
[    0.000000]   Device   empty
[    0.000000] Movable zone start for each node
[    0.000000] Early memory node ranges
[    0.000000]   node   0: [mem 0x0000000000001000-0x000000000009efff]
[    0.000000]   node   0: [mem 0x0000000000100000-0x000000003ffeffff]
[    0.000000] Reserved but unavailable: 104 pages
[    0.000000] Initmem setup node 0 [mem 0x0000000000001000-0x000000003ffeffff]
[    0.000000] ACPI: PM-Timer IO Port: 0x4008
[    0.000000] IOAPIC[0]: apic_id 2, version 32, address 0xfec00000, GSI 0-23
[    0.000000] ACPI: INT_SRC_OVR (bus 0 bus_irq 0 global_irq 2 dfl dfl)
[    0.000000] ACPI: INT_SRC_OVR (bus 0 bus_irq 9 global_irq 9 low level)
[    0.000000] Using ACPI (MADT) for SMP configuration information
[    0.000000] smpboot: Allowing 2 CPUs, 0 hotplug CPUs
[    0.000000] PM: Registered nosave memory: [mem 0x00000000-0x00000fff]
[    0.000000] PM: Registered nosave memory: [mem 0x0009f000-0x0009ffff]
[    0.000000] PM: Registered nosave memory: [mem 0x000a0000-0x000effff]
[    0.000000] PM: Registered nosave memory: [mem 0x000f0000-0x000fffff]
[    0.000000] e820: [mem 0x40000000-0xfebfffff] available for PCI devices
[    0.000000] Booting paravirtualized kernel on KVM
[    0.000000] clocksource: refined-jiffies: mask: 0xffffffff max_cycles: 0xffffffff, max_idle_ns: 7645519600211568 ns
[    0.000000] setup_percpu: NR_CPUS:8192 nr_cpumask_bits:2 nr_cpu_ids:2 nr_node_ids:1
[    0.000000] percpu: Embedded 50 pages/cpu s167936 r8192 d28672 u1048576
[    0.000000] PV qspinlock hash table entries: 256 (order: 0, 4096 bytes)
[    0.000000] Built 1 zonelists, mobility grouping on.  Total pages: 257913
[    0.000000] Policy zone: DMA32
[    0.000000] Kernel command line: BOOT_IMAGE=/boot/vmlinuz-4.15.0-212-generic root=LABEL=cloudimg-rootfs ro console=tty1 console=ttyS0
[    0.000000] Memory: 982644K/1048120K available (12300K kernel code, 2477K rwdata, 4324K rodata, 2480K init, 2720K bss, 65476K reserved, 0K cma-reserved)
[    0.000000] SLUB: HWalign=64, Order=0-3, MinObjects=0, CPUs=2, Nodes=1
[    0.000000] ftrace: allocating 39508 entries in 155 pages
[    0.004000] Hierarchical RCU implementation.
[    0.004000] 	RCU restricting CPUs from NR_CPUS=8192 to nr_cpu_ids=2.
[    0.004000] 	Tasks RCU enabled.
[    0.004000] RCU: Adjusting geometry for rcu_fanout_leaf=16, nr_cpu_ids=2
[    0.004000] NR_IRQS: 524544, nr_irqs: 440, preallocated irqs: 16
[    0.004000] random: crng init done
[    0.004000] Console: colour VGA+ 80x25
[    0.004000] console [tty1] enabled
[    0.004000] console [ttyS0] enabled
[    0.004000] ACPI: Core revision 20170831
[    0.004000] ACPI: 2 ACPI AML tables successfully acquired and loaded
[    0.004000] APIC: Switch to symmetric I/O mode setup
[    0.008000] ..TIMER: vector=0x30 apic1=0 pin1=2 apic2=-1 pin2=-1
[    0.008013] tsc: Detected 1800.007 MHz processor
[    0.012018] Calibrating delay loop (skipped) preset value.. 3600.01 BogoMIPS (lpj=7200028)
[    0.016011] pid_max: default: 32768 minimum: 301
[    0.020167] Security Framework initialized
[    0.024010] Yama: becoming mindful.
[    0.032011] AppArmor: AppArmor initialized
[    0.044641] Dentry cache hash table entries: 131072 (order: 8, 1048576 bytes)
[    0.054212] Inode-cache hash table entries: 65536 (order: 7, 524288 bytes)
[    0.056181] Mount-cache hash table entries: 2048 (order: 2, 16384 bytes)
[    0.060180] Mountpoint-cache hash table entries: 2048 (order: 2, 16384 bytes)
[    0.069419] Last level iTLB entries: 4KB 128, 2MB 8, 4MB 8
[    0.072011] Last level dTLB entries: 4KB 64, 2MB 0, 4MB 0, 1GB 4
[    0.076013] Spectre V1 : Mitigation: usercopy/swapgs barriers and __user pointer sanitization
[    0.080011] Spectre V2 : Mitigation: Enhanced IBRS
[    0.084009] Spectre V2 : Spectre v2 / SpectreRSB mitigation: Filling RSB on context switch
[    0.088008] Spectre V2 : Spectre v2 / PBRSB-eIBRS: Retire a single CALL on VMEXIT
[    0.092010] RETBleed: Mitigation: Enhanced IBRS
[    0.096009] Speculative Store Bypass: Vulnerable
[    0.100107] MMIO Stale Data: Vulnerable: Clear CPU buffers attempted, no microcode
[    0.104013] SRBDS: Unknown: Dependent on hypervisor status
[    0.108348] Freeing SMP alternatives memory: 36K
[    0.228880] smpboot: CPU0: Intel(R) Celeron(R) CPU 4205U @ 1.80GHz (family: 0x6, model: 0x8e, stepping: 0xc)
[    0.232901] Performance Events: unsupported p6 CPU model 142 no PMU driver, software events only.
[    0.236288] Hierarchical SRCU implementation.
[    0.245101] NMI watchdog: Perf event create on CPU 0 failed with -2
[    0.252011] NMI watchdog: Perf NMI watchdog permanently disabled
[    0.260085] smp: Bringing up secondary CPUs ...
[    0.265912] x86: Booting SMP configuration:
[    0.268011] .... node  #0, CPUs:      #1
[    0.004000] kvm-clock: cpu 1, msr 0:3ff44041, secondary cpu clock
[    0.290762] TSC synchronization [CPU#0 -> CPU#1]:
[    0.292000] Measured 82599 cycles TSC warp between CPUs, turning off TSC clock.
[    0.292000] tsc: Marking TSC unstable due to check_tsc_sync_source failed
[    0.298268] smp: Brought up 1 node, 2 CPUs
[    0.300020] smpboot: Max logical packages: 1
[    0.304015] smpboot: Total of 2 processors activated (7200.02 BogoMIPS)
[    0.315805] devtmpfs: initialized
[    0.324770] x86/mm: Memory block size: 128MB
[    0.345383] evm: security.selinux
[    0.364012] evm: security.SMACK64
[    0.384050] evm: security.SMACK64EXEC
[    0.404010] evm: security.SMACK64TRANSMUTE
[    0.424036] evm: security.SMACK64MMAP
[    0.440012] evm: security.apparmor
[    0.452046] evm: security.ima
[    0.464009] evm: security.capability
[    0.484241] clocksource: jiffies: mask: 0xffffffff max_cycles: 0xffffffff, max_idle_ns: 7645041785100000 ns
[    0.488247] futex hash table entries: 512 (order: 3, 32768 bytes)
[    0.492433] pinctrl core: initialized pinctrl subsystem
[    0.497064] RTC time: 19:04:56, date: 08/07/24
[    0.505390] NET: Registered protocol family 16
[    0.508323] audit: initializing netlink subsys (disabled)
[    0.512497] audit: type=2000 audit(1723057502.565:1): state=initialized audit_enabled=0 res=1
[    0.536031] cpuidle: using governor ladder
[    0.540000] cpuidle: using governor menu
[    0.540139] ACPI: bus type PCI registered
[    0.544000] acpiphp: ACPI Hot Plug PCI Controller Driver version: 0.5
[    0.544000] PCI: Using configuration type 1 for base access
[    0.548946] HugeTLB registered 2.00 MiB page size, pre-allocated 0 pages
[    0.552000] ACPI: Added _OSI(Module Device)
[    0.552014] ACPI: Added _OSI(Processor Device)
[    0.556000] ACPI: Added _OSI(3.0 _SCP Extensions)
[    0.556000] ACPI: Added _OSI(Processor Aggregator Device)
[    0.556000] ACPI: Added _OSI(Linux-Dell-Video)
[    0.556000] ACPI: Added _OSI(Linux-Lenovo-NV-HDMI-Audio)
[    0.556040] ACPI: Added _OSI(Linux-HPI-Hybrid-Graphics)
[    0.561686] ACPI: Executed 1 blocks of module-level executable AML code
[    0.577905] ACPI: Interpreter enabled
[    0.580038] ACPI: (supports S0 S5)
[    0.588020] ACPI: Using IOAPIC for interrupt routing
[    0.592860] PCI: Using host bridge windows from ACPI; if necessary, use "pci=nocrs" and report a bug
[    0.596496] ACPI: Enabled 2 GPEs in block 00 to 07
[    0.624988] ACPI: PCI Root Bridge [PCI0] (domain 0000 [bus 00-ff])
[    0.628023] acpi PNP0A03:00: _OSC: OS supports [ASPM ClockPM Segments MSI]
[    0.636315] acpi PNP0A03:00: _OSC: not requesting OS control; OS requires [ExtendedConfig ASPM ClockPM MSI]
[    0.640127] acpi PNP0A03:00: fail to add MMCONFIG information, can't access extended PCI configuration space under this bridge.
[    0.649334] PCI host bridge to bus 0000:00
[    0.656022] pci_bus 0000:00: root bus resource [io  0x0000-0x0cf7 window]
[    0.660013] pci_bus 0000:00: root bus resource [io  0x0d00-0xffff window]
[    0.664017] pci_bus 0000:00: root bus resource [mem 0x000a0000-0x000bffff window]
[    0.668013] pci_bus 0000:00: root bus resource [mem 0x40000000-0xfdffffff window]
[    0.672013] pci_bus 0000:00: root bus resource [bus 00-ff]
[    0.696415] pci 0000:00:01.1: legacy IDE quirk: reg 0x10: [io  0x01f0-0x01f7]
[    0.700014] pci 0000:00:01.1: legacy IDE quirk: reg 0x14: [io  0x03f6]
[    0.704013] pci 0000:00:01.1: legacy IDE quirk: reg 0x18: [io  0x0170-0x0177]
[    0.708011] pci 0000:00:01.1: legacy IDE quirk: reg 0x1c: [io  0x0376]
[    0.765438] pci 0000:00:07.0: quirk: [io  0x4000-0x403f] claimed by PIIX4 ACPI
[    0.772012] pci 0000:00:07.0: quirk: [io  0x4100-0x410f] claimed by PIIX4 SMB
[    0.806393] ACPI: PCI Interrupt Link [LNKA] (IRQs 5 9 10 *11)
[    0.809121] ACPI: PCI Interrupt Link [LNKB] (IRQs 5 9 *10 11)
[    0.812453] ACPI: PCI Interrupt Link [LNKC] (IRQs 5 *9 10 11)
[    0.816449] ACPI: PCI Interrupt Link [LNKD] (IRQs 5 9 10 *11)
[    0.821648] SCSI subsystem initialized
[    0.824465] pci 0000:00:02.0: vgaarb: setting as boot VGA device
[    0.828000] pci 0000:00:02.0: vgaarb: VGA device added: decodes=io+mem,owns=io+mem,locks=none
[    0.828014] pci 0000:00:02.0: vgaarb: bridge control possible
[    0.832009] vgaarb: loaded
[    0.836129] ACPI: bus type USB registered
[    0.844134] usbcore: registered new interface driver usbfs
[    0.848039] usbcore: registered new interface driver hub
[    0.852034] usbcore: registered new device driver usb
[    0.856598] EDAC MC: Ver: 3.0.0
[    0.868523] PCI: Using ACPI for IRQ routing
[    0.873647] NetLabel: Initializing
[    0.876010] NetLabel:  domain hash size = 128
[    0.880008] NetLabel:  protocols = UNLABELED CIPSOv4 CALIPSO
[    0.884122] NetLabel:  unlabeled traffic allowed by default
[    0.892743] clocksource: Switched to clocksource kvm-clock
[    0.917193] VFS: Disk quotas dquot_6.6.0
[    0.917193] VFS: Dquot-cache hash table entries: 512 (order 0, 4096 bytes)
[    0.917193] AppArmor: AppArmor Filesystem Enabled
[    0.917193] pnp: PnP ACPI init
[    0.917193] pnp: PnP ACPI: found 3 devices
[    1.129926] clocksource: acpi_pm: mask: 0xffffff max_cycles: 0xffffff, max_idle_ns: 2085701024 ns
[    1.132366] NET: Registered protocol family 2
[    1.132366] IP idents hash table entries: 16384 (order: 5, 131072 bytes)
[    1.187707] TCP established hash table entries: 8192 (order: 4, 65536 bytes)
[    1.208378] TCP bind hash table entries: 8192 (order: 5, 131072 bytes)
[    1.225480] TCP: Hash tables configured (established 8192 bind 8192)
[    1.241212] UDP hash table entries: 512 (order: 2, 16384 bytes)
[    1.252966] UDP-Lite hash table entries: 512 (order: 2, 16384 bytes)
[    1.265393] NET: Registered protocol family 1
[    1.273589] pci 0000:00:00.0: Limiting direct PCI/PCI transfers
[    1.285503] pci 0000:00:01.0: Activating ISA DMA hang workarounds
[    1.297280] pci 0000:00:02.0: Video device with shadowed ROM at [mem 0x000c0000-0x000dffff]
[    1.313450] Unpacking initramfs...
[    1.384079] Freeing initrd memory: 19528K
[    2.565222] clocksource: tsc: mask: 0xffffffffffffffff max_cycles: 0x19f2303ae93, max_idle_ns: 440795229891 ns
[    2.588546] platform rtc_cmos: registered platform RTC device (no PNP device found)
[    2.604734] Scanning for low memory corruption every 60 seconds
[    2.620329] Initialise system trusted keyrings
[    2.629736] Key type blacklist registered
[    2.638530] workingset: timestamp_bits=36 max_order=18 bucket_order=0
[    2.656574] zbud: loaded
[    2.667985] squashfs: version 4.0 (2009/01/31) Phillip Lougher
[    2.682087] fuse init (API version 7.26)
[    2.734693] Key type asymmetric registered
[    2.743167] Asymmetric key parser 'x509' registered
[    2.753456] Block layer SCSI generic (bsg) driver version 0.4 loaded (major 246)
[    2.773238] io scheduler noop registered
[    2.782824] io scheduler deadline registered
[    2.797183] io scheduler cfq registered (default)
[    2.810024] ACPI: AC Adapter [AC] (on-line)
[    2.823408] input: Power Button as /devices/LNXSYSTM:00/LNXPWRBN:00/input/input0
[    2.847097] ACPI: Power Button [PWRF]
[    2.855327] input: Sleep Button as /devices/LNXSYSTM:00/LNXSLPBN:00/input/input1
[    2.869765] ACPI: Sleep Button [SLPF]
[    2.883823] Serial: 8250/16550 driver, 32 ports, IRQ sharing enabled
[    2.886665] ACPI: Battery Slot [BAT0] (battery present)
[    2.941911] 00:02: ttyS0 at I/O 0x3f8 (irq = 4, base_baud = 115200) is a 16550A
[    2.993235] Linux agpgart interface v0.103
[    3.022676] loop: module loaded
[    3.035086] scsi host0: ata_piix
[    3.045558] scsi host1: ata_piix
[    3.054230] ata1: PATA max UDMA/33 cmd 0x1f0 ctl 0x3f6 bmdma 0xd000 irq 14
[    3.069025] ata2: PATA max UDMA/33 cmd 0x170 ctl 0x376 bmdma 0xd008 irq 15
[    3.090478] tun: Universal TUN/TAP device driver, 1.6
[    3.107394] PPP generic driver version 2.4.2
[    3.124722] ehci_hcd: USB 2.0 'Enhanced' Host Controller (EHCI) Driver
[    3.138572] ehci-pci: EHCI PCI platform driver
[    3.142455] ehci-platform: EHCI generic platform driver
[    3.142455] ohci_hcd: USB 1.1 'Open' Host Controller (OHCI) Driver
[    3.142455] ohci-pci: OHCI PCI platform driver
[    3.142455] ohci-platform: OHCI generic platform driver
[    3.142455] uhci_hcd: USB Universal Host Controller Interface driver
[    3.142455] i8042: PNP: PS/2 Controller [PNP0303:PS2K,PNP0f03:PS2M] at 0x60,0x64 irq 1,12
[    3.142455] serio: i8042 KBD port at 0x60,0x64 irq 1
[    3.142455] serio: i8042 AUX port at 0x60,0x64 irq 12
[    3.248528] mousedev: PS/2 mouse device common for all mice
[    3.263896] input: AT Translated Set 2 keyboard as /devices/platform/i8042/serio0/input/input2
[    3.282619] rtc_cmos rtc_cmos: rtc core: registered rtc_cmos as rtc0
[    3.295992] rtc_cmos rtc_cmos: alarms up to one day, 114 bytes nvram
[    3.309031] i2c /dev entries driver
[    3.316578] device-mapper: uevent: version 1.0.3
[    3.327446] device-mapper: ioctl: 4.37.0-ioctl (2017-09-20) initialised: dm-devel@redhat.com
[    3.356864] ledtrig-cpu: registered to indicate activity on CPUs
[    3.379057] NET: Registered protocol family 10
[    3.418427] Segment Routing with IPv6
[    3.427695] NET: Registered protocol family 17
[    3.440515] Key type dns_resolver registered
[    3.455273] mce: Using 0 MCE banks
[    3.466696] RAS: Correctable Errors collector initialized.
[    3.484447] sched_clock: Marking stable (3484140060, 0)->(5528871800, -2044731740)
[    3.530762] registered taskstats version 1
[    3.541494] Loading compiled-in X.509 certificates
[    3.575771] Loaded X.509 cert 'Build time autogenerated kernel key: b5b26778eaa3ab3a4a6cee031137706e947d12ad'
[    3.605367] Loaded X.509 cert 'Canonical Ltd. Live Patch Signing: 14df34d1a87cf37625abec039ef2bf521249b969'
[    3.634588] Loaded X.509 cert 'Canonical Ltd. Kernel Module Signing: 88f752e560a1e0737e31163a466ad7b70a850c19'
[    3.664747] blacklist: Loading compiled-in revocation X.509 certificates
[    3.677867] Loaded X.509 cert 'Canonical Ltd. Secure Boot Signing: 61482aa2830d0ab2ad5af10b7250da9033ddcef0'
[    3.696054] Loaded X.509 cert 'Canonical Ltd. Secure Boot Signing (2017): 242ade75ac4a15e50d50c84b0d45ff3eae707a03'
[    3.716672] Loaded X.509 cert 'Canonical Ltd. Secure Boot Signing (ESM 2018): 365188c1d374d6b07c3c8f240f8ef722433d6a8b'
[    3.737253] Loaded X.509 cert 'Canonical Ltd. Secure Boot Signing (2019): c0746fd6c5da3ae827864651ad66ae47fe24b3e8'
[    3.766349] Loaded X.509 cert 'Canonical Ltd. Secure Boot Signing (2021 v1): a8d54bbb3825cfb94fa13c9f8a594a195c107b8d'
[    3.788729] Loaded X.509 cert 'Canonical Ltd. Secure Boot Signing (2021 v2): 4cf046892d6fd3c9a5b03f98d845f90851dc6a8c'
[    3.810101] Loaded X.509 cert 'Canonical Ltd. Secure Boot Signing (2021 v3): 100437bb6de6e469b581e61cd66bce3ef4ed53af'
[    3.836220] Loaded X.509 cert 'Canonical Ltd. Secure Boot Signing (Ubuntu Core 2019): c1d57b8f6b743f23ee41f4f7ee292f06eecadfb9'
[    3.858700] zswap: loaded using pool lzo/zbud
[    3.905764] Key type big_key registered
[    3.913148] Key type trusted registered
[    3.929230] Key type encrypted registered
[    3.936307] AppArmor: AppArmor sha1 policy hashing enabled
[    3.945733] ima: No TPM chip found, activating TPM-bypass! (rc=-19)
[    3.956710] ima: Allocated hash algorithm: sha1
[    3.964971] evm: HMAC attrs: 0x1
[    3.972669]   Magic number: 4:68:91
[    3.981389] rtc_cmos rtc_cmos: setting system clock to 2024-08-07 19:05:00 UTC (1723057500)
[    3.999110] BIOS EDD facility v0.16 2004-Jun-25, 0 devices found
[    4.013295] EDD information not available.
[    4.030008] Freeing unused kernel image memory: 2480K
[    4.065165] Write protecting the kernel read-only data: 20480k
[    4.113874] Freeing unused kernel image memory: 2008K
[    4.125050] Freeing unused kernel image memory: 1820K
[    4.152310] x86/mm: Checked W+X mappings: passed, no W+X pages found.
Loading, please wait...
starting version 237
[    4.414429] e1000: Intel(R) PRO/1000 Network Driver - version 7.3.21-k8-NAPI
[    4.429403] e1000: Copyright (c) 1999-2006 Intel Corporation.
[    4.477405] Fusion MPT base driver 3.04.20
[    4.487756] Copyright (c) 1999-2008 LSI Corporation
[    4.533353] SSE version of gcm_enc/dec engaged.
[    4.664415] Fusion MPT SPI Host driver 3.04.20
[    4.770922] input: ImExPS/2 Generic Explorer Mouse as /devices/platform/i8042/serio1/input/input4
[    5.851317] e1000 0000:00:03.0 eth0: (PCI:33MHz:32-bit) 02:3b:7b:b7:3b:2d
[    5.868336] e1000 0000:00:03.0 eth0: Intel(R) PRO/1000 Network Connection
[    7.562130] e1000 0000:00:08.0 eth1: (PCI:33MHz:32-bit) 08:00:27:7f:0c:3a
[    7.574050] e1000 0000:00:08.0 eth1: Intel(R) PRO/1000 Network Connection
[    7.596961] mptbase: ioc0: Initiating bringup
[    7.614407] e1000 0000:00:08.0 enp0s8: renamed from eth1
[    7.649484] e1000 0000:00:03.0 enp0s3: renamed from eth0
[    7.737886] ioc0: LSI53C1030 A0: Capabilities={Initiator}
[    8.787326] scsi host2: ioc0: LSI53C1030 A0, FwRev=00000000h, Ports=1, MaxQ=256, IRQ=20
[   10.628034] scsi 2:0:0:0: Direct-Access     VBOX     HARDDISK         1.0  PQ: 0 ANSI: 5
[   10.677047] scsi target2:0:0: Beginning Domain Validation
[   10.698174] scsi target2:0:0: Domain Validation skipping write tests
[   10.708754] scsi target2:0:0: Ending Domain Validation
[   10.718273] scsi target2:0:0: asynchronous
[   10.728671] scsi 2:0:1:0: Direct-Access     VBOX     HARDDISK         1.0  PQ: 0 ANSI: 5
[   10.830279] scsi target2:0:1: Beginning Domain Validation
[   10.872394] scsi target2:0:1: Domain Validation skipping write tests
[   10.885792] scsi target2:0:1: Ending Domain Validation
[   10.896394] scsi target2:0:1: asynchronous
[   10.930978] sd 2:0:0:0: Attached scsi generic sg0 type 0
[   10.949921] sd 2:0:0:0: [sda] 83886080 512-byte logical blocks: (42.9 GB/40.0 GiB)
[   10.965118] sd 2:0:1:0: Attached scsi generic sg1 type 0
[   10.965742] sd 2:0:0:0: [sda] Write Protect is off
[   10.995447] sd 2:0:0:0: [sda] Incomplete mode parameter data
[   10.995507] sd 2:0:1:0: [sdb] 20480 512-byte logical blocks: (10.5 MB/10.0 MiB)
[   11.006187] sd 2:0:0:0: [sda] Assuming drive cache: write through
[   11.023753] sd 2:0:1:0: [sdb] Write Protect is off
[   11.045387]  sda: sda1
[   11.092784] sd 2:0:1:0: [sdb] Incomplete mode parameter data
[   11.099638] sd 2:0:0:0: [sda] Attached SCSI disk
[   11.106264] sd 2:0:1:0: [sdb] Assuming drive cache: write through
[   11.262652] sd 2:0:1:0: [sdb] Attached SCSI disk
Begin: Loading essential drivers ... [   15.557743] raid6: sse2x1   gen()  5222 MB/s
[   15.612545] raid6: sse2x1   xor()  3311 MB/s
[   15.668716] raid6: sse2x2   gen()  5657 MB/s
[   15.729945] raid6: sse2x2   xor()  3296 MB/s
[   15.793165] raid6: sse2x4   gen()  5288 MB/s
[   15.856443] raid6: sse2x4   xor()  3696 MB/s
[   15.867113] raid6: using algorithm sse2x2 gen() 5657 MB/s
[   15.878573] raid6: .... xor() 3296 MB/s, rmw enabled
[   15.891569] raid6: using ssse3x2 recovery algorithm
[   16.013326] xor: measuring software checksum speed
[   16.060692]    prefetch64-sse:  9559.000 MB/sec
[   16.109611]    generic_sse:  7550.000 MB/sec
[   16.117772] xor: using function: prefetch64-sse (9559.000 MB/sec)
[   16.134085] async_tx: api initialized (async)
done.
Begin: Running /scripts/init-premount ... done.
Begin: Mounting root file system ... Begin: Running /scripts/local-top ... done.
Begin: Running /scripts/local-premount ... [   16.278344] Btrfs loaded, crc32c=crc32c-intel
Scanning for Btrfs filesystems
done.
Warning: fsck not present, so skipping root file system
[   16.604025] EXT4-fs (sda1): mounted filesystem with ordered data mode. Opts: (null)
done.
Begin: Running /scripts/local-bottom ... done.
Begin: Running /scripts/init-bottom ... done.
[   17.359129] ip_tables: (C) 2000-2006 Netfilter Core Team
[   17.417167] systemd[1]: systemd 237 running in system mode. (+PAM +AUDIT +SELINUX +IMA +APPARMOR +SMACK +SYSVINIT +UTMP +LIBCRYPTSETUP +GCRYPT +GNUTLS +ACL +XZ +LZ4 +SECCOMP +BLKID +ELFUTILS +KMOD -IDN2 +IDN -PCRE2 default-hierarchy=hybrid)
[   17.456915] systemd[1]: Detected virtualization oracle.
[   17.472968] systemd[1]: Detected architecture x86-64.

Welcome to [1mUbuntu 18.04.6 LTS[0m!

[   17.544754] systemd[1]: Set hostname to <ubuntu>.
[   17.568049] systemd[1]: Initializing machine ID from random generator.
[   17.581668] systemd[1]: Installed transient /etc/machine-id file.
[   18.443582] systemd[1]: Reached target System Time Synchronized.
[[0;32m  OK  [0m] Reached target System Time Synchronized.
[   18.467996] systemd[1]: Set up automount Arbitrary Executable File Formats File System Automount Point.
[[0;32m  OK  [0m] Set up automount Arbitrary Executabâ€¦rmats File System Automount Point.
[   18.535006] systemd[1]: Created slice User and Session Slice.
[[0;32m  OK  [0m] Created slice User and Session Slice.
[   18.556743] systemd[1]: Started Forward Password Requests to Wall Directory Watch.
[[0;32m  OK  [0m] Started Forward Password Requests to Wall Directory Watch.
[[0;32m  OK  [0m] Reached target Mounting snaps.
[[0;32m  OK  [0m] Reached target User and Group Name Lookups.
[[0;32m  OK  [0m] Reached target Mounted snaps.
[[0;32m  OK  [0m] Created slice System Slice.
[[0;32m  OK  [0m] Listening on Network Service Netlink Socket.
[[0;32m  OK  [0m] Listening on /dev/initctl Compatibility Named Pipe.
[[0;32m  OK  [0m] Listening on Journal Socket (/dev/log).
[[0;32m  OK  [0m] Listening on LVM2 poll daemon socket.
[[0;32m  OK  [0m] Reached target Slices.
[[0;32m  OK  [0m] Listening on udev Control Socket.
[[0;32m  OK  [0m] Listening on Device-mapper event daemon FIFOs.
[[0;32m  OK  [0m] Listening on Journal Audit Socket.
[[0;32m  OK  [0m] Created slice system-serial\x2dgetty.slice.
[[0;32m  OK  [0m] Listening on Journal Socket.
         Mounting Huge Pages File System...
         Mounting Kernel Debug File System...
         Starting Create list of required stâ€¦ce nodes for the current kernel...
         Mounting POSIX Message Queue File System...
         Starting Set the console keyboard layout...
[[0;32m  OK  [0m] Listening on fsck to fsckd communication Socket.
         Starting File System Check on Root Device...
[[0;32m  OK  [0m] Listening on Syslog Socket.
         Starting Journal Service...
[[0;32m  OK  [0m] Listening on LVM2 metadata daemon socket.
         Starting Monitoring of LVM2 mirrorsâ€¦ng dmeventd or progress polling...
[[0;32m  OK  [0m] Listening on udev Kernel Socket.
         Starting udev Coldplug all Devices...
         Starting Uncomplicated firewall...
[[0;32m  OK  [0m] Reached target Swap.
         Starting Load Kernel Modules...
[[0;32m  OK  [0m] Mounted Huge Pages File System.
[[0;32m  OK  [0m] Mounted Kernel Debug File System.
[[0;32m  OK  [0m] Started Create list of required staâ€¦vice nodes for the current kernel.
[[0;32m  OK  [0m] Mounted POSIX Message Queue File System.
[[0;32m  OK  [0m] Started File System Check on Root Device.
[[0;32m  OK  [0m] [   19.791783] Loading iSCSI transport class v2.0-870.
Started Uncomplicated firewall.
[[0;32m  OK  [0m] Started LVM2 metadata daemon.
[[0;32m  OK  [0m] Started File System Check Daemon to report status.
         Starting Remount Root and Kernel File Systems...
         Starting Create Static Device Nodes in /dev...
[[0;32m  OK  [0m] Started Journal Service.
[[0;32m  OK  [0m] Started Monitoring of LVM2 mirrors,â€¦sing dmeventd or progress polling.
[[0;32m  OK  [0m] Started udev Coldplug all Devices.
[   20.083011] iscsi: registered transport (tcp)
[   20.092122] EXT4-fs (sda1): re-mounted. Opts: (null)
[[0;32m  OK  [0m] Started Remount Root and Kernel File Systems.
         Starting Flush Journal to Persistent Storage...
         Starting Load/Save Random Seed...
[   20.155349] systemd-journald[425]: Received request to flush runtime journal from PID 1
[[0;32m  OK  [0m] Started Create Static Device Nodes in /dev.
         Starting udev Kernel Device Manager...
[[0;32m  OK  [0m] Started Load/Save Random Seed.
[[0;32m  OK  [0m] Started Flush Journal to Persistent Storage.
[[0;32m  OK  [0m] Started udev Kernel Device Manager.
[   20.709339] iscsi: registered transport (iser)
[[0;32m  OK  [0m] Started Load Kernel Modules.
         Mounting FUSE Control File System...
         Starting Apply Kernel Variables...
         Mounting Kernel Configuration File System...
[[0;32m  OK  [0m] Mounted Kernel Configuration File System.
[[0;32m  OK  [0m] Mounted FUSE Control File System.
[[0;32m  OK  [0m] Started Apply Kernel Variables.
[[0;32m  OK  [0m] Found device /dev/ttyS0.
[[0;32m  OK  [0m] Listening on Load/Save RF Kill Switch Status /dev/rfkill Watch.
[[0;32m  OK  [0m] Started Set the console keyboard layout.
         Mounting Arbitrary Executable File Formats File System...
[[0;32m  OK  [0m] Reached target Local File Systems (Pre).
[[0;32m  OK  [0m] Reached target Local File Systems.
         Starting Create Volatile Files and Directories...
         Starting Commit a transient machine-id on disk...
         Starting Set console font and keymap...
         Starting AppArmor initialization...
         Starting Tell Plymouth To Write Out Runtime Data...
         Starting ebtables ruleset management...
[[0;32m  OK  [0m] Started Dispatch Password Requests to Console Directory Watch.
[[0;32m  OK  [0m] Reached target Local Encrypted Volumes.
[[0;32m  OK  [0m] Mounted Arbitrary Executable File Formats File System.
[[0;32m  OK  [0m] Started Tell Plymouth To Write Out Runtime Data.
[[0;32m  OK  [0m] Started Create Volatile Files and Directories.
         Starting Update UTMP about System Boot/Shutdown...
[[0;32m  OK  [0m] Started Commit a transient machine-id on disk.
[[0;32m  OK  [0m] Started Update UTMP about System Boot/Shutdown.
[[0;32m  OK  [0m] Started ebtables ruleset management.
[[0;32m  OK  [0m] Started AppArmor initialization.
         Starting Load AppArmor profiles managed internally by snapd...
         Starting Initial cloud-init job (pre-networking)...
[[0;32m  OK  [0m] Started Load AppArmor profiles managed internally by snapd.
[[0;32m  OK  [0m] Started Set console font and keymap.
[   30.851140] cloud-init[778]: Cloud-init v. 23.1.2-0ubuntu0~18.04.1 running 'init-local' at Wed, 07 Aug 2024 19:05:26 +0000. Up 29.86 seconds.
[[0;32m  OK  [0m] Started Initial cloud-init job (pre-networking).
[[0;32m  OK  [0m] Reached target Network (Pre).
         Starting Network Service...
[[0;32m  OK  [0m] Started Network Service.
         Starting Wait for Network to be Configured...
         Starting Network Name Resolution...
[[0;32m  OK  [0m] Started Network Name Resolution.
[[0;32m  OK  [0m] Reached target Network.
[[0;32m  OK  [0m] Reached target Host and Network Name Lookups.
[[0;32m  OK  [0m] Started Wait for Network to be Configured.
         Starting Initial cloud-init job (metadata service crawler)...
[   34.724856] cloud-init[923]: Cloud-init v. 23.1.2-0ubuntu0~18.04.1 running 'init' at Wed, 07 Aug 2024 19:05:30 +0000. Up 34.35 seconds.
[   34.737572] cloud-init[923]: ci-info: ++++++++++++++++++++++++++++++++++++++Net device info+++++++++++++++++++++++++++++++++++++++
[   34.746964] cloud-init[923]: ci-info: +--------+-------+----------------------------+---------------+--------+-------------------+
[   34.755602] cloud-init[923]: ci-info: | Device |   Up  |          Address           |      Mask     | Scope  |     Hw-Address    |
[   34.773024] cloud-init[923]: ci-info: +--------+-------+----------------------------+---------------+--------+-------------------+
[   34.796440] cloud-init[923]: ci-info: | enp0s3 |  True |         10.0.2.15          | 255.255.255.0 | global | 02:3b:7b:b7:3b:2d |
[   34.805512] cloud-init[923]: ci-info: | enp0s3 |  True | fe80::3b:7bff:feb7:3b2d/64 |       .       |  link  | 02:3b:7b:b7:3b:2d |
[   34.816984] cloud-init[923]: ci-info: | enp0s8 | False |             .              |       .       |   .    | 08:00:27:7f:0c:3a |
[   34.836945] cloud-init[923]: ci-info: |   lo   |  True |         127.0.0.1          |   255.0.0.0   |  host  |         .         |
[   34.857994] cloud-init[923]: ci-info: |   lo   |  True |          ::1/128           |       .       |  host  |         .         |
[   34.872672] cloud-init[923]: ci-info: +--------+-------+----------------------------+---------------+--------+-------------------+
[   34.885166] cloud-init[923]: ci-info: ++++++++++++++++++++++++++++Route IPv4 info+++++++++++++++++++++++++++++
[   34.899371] cloud-init[923]: ci-info: +-------+-------------+----------+-----------------+-----------+-------+
[   34.941563] cloud-init[923]: ci-info: | Route | Destination | Gateway  |     Genmask     | Interface | Flags |
[   34.954286] cloud-init[923]: ci-info: +-------+-------------+----------+-----------------+-----------+-------+
[   34.968026] cloud-init[923]: ci-info: |   0   |   0.0.0.0   | 10.0.2.2 |     0.0.0.0     |   enp0s3  |   UG  |
[   35.012677] cloud-init[923]: ci-info: |   1   |   10.0.2.0  | 0.0.0.0  |  255.255.255.0  |   enp0s3  |   U   |
[   35.026165] cloud-init[923]: ci-info: |   2   |   10.0.2.2  | 0.0.0.0  | 255.255.255.255 |   enp0s3  |   UH  |
[   35.068558] cloud-init[923]: ci-info: +-------+-------------+----------+-----------------+-----------+-------+
[   35.083469] cloud-init[923]: ci-info: +++++++++++++++++++Route IPv6 info+++++++++++++++++++
[   35.100840] cloud-init[923]: ci-info: +-------+-------------+---------+-----------+-------+
[   35.114079] cloud-init[923]: ci-info: | Route | Destination | Gateway | Interface | Flags |
[   35.126497] cloud-init[923]: ci-info: +-------+-------------+---------+-----------+-------+
[   35.150292] cloud-init[923]: ci-info: |   1   |  fe80::/64  |    ::   |   enp0s3  |   U   |
[   35.166178] cloud-init[923]: ci-info: |   3   |    local    |    ::   |   enp0s3  |   U   |
[   35.177806] cloud-init[923]: ci-info: |   4   |   ff00::/8  |    ::   |   enp0s3  |   U   |
[   35.190879] cloud-init[923]: ci-info: +-------+-------------+---------+-----------+-------+
[   40.603681] cloud-init[923]: Generating public/private rsa key pair.
[   40.616694] cloud-init[923]: Your identification has been saved in /etc/ssh/ssh_host_rsa_key.
[   40.630693] cloud-init[923]: Your public key has been saved in /etc/ssh/ssh_host_rsa_key.pub.
[   40.658831] cloud-init[923]: The key fingerprint is:
[   40.667321] cloud-init[923]: SHA256:Xw6LWXGhSEx6LFWEoUPI9nfC4NhwON2Lni2HPpZnJ+g root@ubuntu-bionic
[   40.678326] cloud-init[923]: The key's randomart image is:
[   40.714828] cloud-init[923]: +---[RSA 2048]----+
[   40.724701] cloud-init[923]: |   . +.+==o .    |
[   40.736800] cloud-init[923]: |    B.+*+. . .   |
[   40.769797] cloud-init[923]: |   . O=++.o .    |
[   40.779641] cloud-init[[0;32m  OK  [0m] Started Initial cloud-init job (metadata service crawler).
[[0;32m  OK  [0m] Reached target System Initialization.
[[0;32m  OK  [0m] Listening on cloud-init hotplug hook socket.
[[0;32m  OK  [0m] Listening on Open-iSCSI iscsid Socket.
[[0;32m  OK  [0m] Started Daily Cleanup of Temporary Directories.
[[0;32m  OK  [0m] Listening on ACPID Listen Socket.
[[0;32m  OK  [0m] Started Ubuntu Advantage Timer for running repeated jobs.
         Starting LXD - unix socket.
[[0;32m  OK  [0m] Started ACPI Events Check.
[[0;32m  OK  [0m] Started Discard unused blocks once a week.
[[0;32m  OK  [0m] Listening on D-Bus System Message Bus Socket.
[[0;32m  OK  [0m] Reached target Paths.
         Starting Socket activation for snappy daemon.
[[0;32m  OK  [0m] Listening on UUID daemon activation socket.
[[0;32m  OK  [0m] Started Message of the Day.
[[0;32m  OK  [0m] Started Daily apt download activities.
[[0;32m  OK  [0m] Started Daily apt upgrade and clean activities.
[[0;32m  OK  [0m] Reached target Timers.
[[0;32m  OK  [0m] Reached target Cloud-config availability.
[[0;32m  OK  [0m] Reached target Network is Online.
[[0;32m  OK  [0m] Reached target Remote File Systems (Pre).
[[0;32m  OK  [0m] Reached target Remote File Systems.
         Starting Availability of block devices...
[[0;32m  OK  [0m] Listening on LXD - unix socket.
[[0;32m  OK  [0m] Listening on Socket activation for snappy daemon.
[[0;32m  OK  [0m] Reached target Sockets.
[[0;32m  OK  [0m] Reached target Basic System.
         Starting LSB: automatic crash report generation...
[[0;32m  OK  [0m] Started FUSE filesystem for LXC.
         Starting System Logging Service...
         Starting Login Service...
[[0;32m  OK  [0m] Started D-Bus System Message Bus.
[923]: |    . =+= .o     |
[   41.077918] cloud-init[923]: |     . =Soo .    |
[   41.094309] cloud-init[923]: |      = o= =     |
[   41.107447] cloud-init[923]: |     . =o o .    |
[   41.119148] cloud-init[923]: |      * + .      |
[   41.138719] cloud-init[923]: |     oE+ o       |
[[0;32m  OK  [0m] Reached target Login Prompts (Pre).
         Starting Permit User Sessions...
         Starting LSB: Record successful boot for GRUB...
[   41.222549] cloud-init[923]: +----[SHA256]-----+
[   41.230833] cloud-init[923]: Generating public/private dsa key pair.
[   41.249503] cloud-init[923]: Your identification has been saved in /etc/ssh/ssh_host_dsa_key.
[   41.294358] cloud-init[923]: Your public key has been saved in /etc/ssh/ssh_host_dsa_key.pub.
[   41.346283] cloud-init[923]: The key fingerprint is:
[   41.359973] cloud-init[923]: SHA256:UXz5UzTuYYuyAZfqUbrEGN7CUX/wNgKAuz/JTZGb9Kc root@ubuntu-bionic
[   41.373533] cloud-init[923]: The key's randomart image is:
[   41.383265] cloud-init[923]: +---[DSA 1024]----+
[   41.391729] cloud-init[923]: |      ...+.. . o.|
[   41.401051] cloud-init[923]: |     .  ..+ * . o|
[   41.410876] cloud-init[923]: |      .o...B * = |
[   41.421430] cloud-init[923]: |     .o *=* + B o|
[   41.431693] cloud-init[923]: |      .=SB=o . + |
[   41.448970] cloud-init[923]: |     .  ++o.+.   |
[   41.458483] cloud-init[923]: |      o +o .o    |
[   41.468198] cloud-init[923]: |       = . E     |
[   41.478931] cloud-init[923]: |        .        |
[   41.490912] cloud-init[923]: +----[SHA256]-----+
[   41.503158] cloud-init[923]: Generating public/private ecdsa key pair.
[   41.513838] cloud-init[923]: Your identification has been saved in /etc/ssh/ssh_host_ecdsa_key.
[   41.528729] cloud-init[923]: Your public key has been saved in /etc/ssh/ssh_host_ecdsa_key.pub.
[   41.539656] cloud-init[923]: The key fingerprint is:
[   41.547647] cloud-init[923]: SHA256:Y9tLFPRZhD4KNPK8K4O8exBlvUHmo+qeyYptJQUrgrE root@ubuntu-bionic
[   41.565526] cloud-init[923]: The key's randomart image is:
[   41.575509] cloud-init[923]: +---[ECDSA 256]---+
[   41.586349] cloud-init[923]: |       oo .  oo  |
[   41.597402] cloud-init[923]: |. .   +o=. ..o   |
[   41.611985] cloud-init[923]: |.o o o =o+..o    |
[   41.627828] cloud-init[923]: |E . o  .=. .o    |
[   41.641532] cloud-init[923]: |.. . .. So.. .   |
[   41.650911] cloud-init[923]: |  . o. ..=.      |
[   41.659713] cloud-init[923]: |   +.o  ..o      |
[   41.671075] cloud-init[923]: | o.ooo+ .. .     |
[   41.679266] cloud-init[923]: |..ooO+ o  .      |
[   41.689557] cloud-init[923]: +----[SHA256]-----+
[   41.698580] cloud-init[923]: Generating public/private ed25519 key pair.
[   41.709104] cloud-init[923]: Your identification has been saved in /etc/ssh/ssh_host_ed25519_key.
[   41.729723] cloud-init[923]: Your public key has been saved in /etc/ssh/ssh_host_ed25519_key.pub.
[   41.741347] cloud-init[923]: The key fingerprint is:
[   41.749977] cloud-init[923]: SHA256:qJ1GG/bXVbFTwyE8RWuyrCrSf8KxOtmtsH+BQHsjXmY root@ubuntu-bionic
[   41.765690] cloud-init[923]: The key's randomart image is:
[   41.777255] cloud-init[923]: +--[ED25519 256]--+
[   41.785799] cloud-init[923]: |            ..+*o|
[   41.795304] cloud-init[923]: |       .     o..*|
[   41.817501] cloud-init[923]: |      . .    ..=.|
[   41.824752] cloud-init[923]: |       = E  . +..|
[   41.850238] cloud-init[923]: |      * S o  o.  |
[   41.858200] cloud-init[923]: |     = * o o..   |
[   41.861563] cloud-init[923]: |    . *.= =.o    |
[   41.865226] cloud-init[923]: |     o =o*.+     |
[   41.870170] cloud-init[923]: |      .o*==      |
[   41.878724] cloud-init[923]: +----[SHA256]-----+
         Starting Dispatcher daemon for systemd-networkd...
         Starting LXD - container startup/shutdown...
[[0;32m  OK  [0m] Started Deferred execution scheduler.
         Starting Snap Daemon...
[[0;32m  OK  [0m] Started irqbalance daemon.
         Starting Virtualbox guest utils...
         Starting Pollinate to seed the pseudo random number generator...
         Starting Accounts Service...
[[0;32m  OK  [0m] Started Regular background program processing daemon.
[[0;32m  OK  [0m] Started System Logging Service.
[[0;32m  OK  [0m] Started Availability of block devices.
[[0;32m  OK  [0m] Started Permit User Sessions.
[[0;32m  OK  [0m] Started Login Service.
[[0;32m  OK  [0m] Started Unattended Upgrades Shutdown.
         Starting Terminate Plymouth Boot Screen...
         Starting Hold until boot process finishes up...
[[0;32m  OK  [0m] Started Terminate Plymouth Boot Screen.
[[0;32m  OK  [0m] Started Hold until boot process finishes up.
[[0;32m  OK  [0m] Started Serial Getty on ttyS0.
         Starting Set console scheme...
[[0;32m  OK  [0m] Started Set console scheme.
[[0;32m  OK  [0m] Created slice system-getty.slice.
[[0;32m  OK  [0m] Started Getty on tty1.
[[0;32m  OK  [0m] Reached target Login Prompts.
[[0;32m  OK  [0m] Started LSB: automatic crash report generation.
[[0;32m  OK  [0m] Started LSB: Record successful boot for GRUB.
         Starting Authorization Manager...
[[0;32m  OK  [0m] Started Authorization Manager.
[[0;32m  OK  [0m] Started Accounts Service.
[[0;32m  OK  [0m] Started Virtualbox guest utils.
[[0;32m  OK  [0m] Started Dispatcher daemon for systemd-networkd.
[[0;32m  OK  [0m] Started LXD - container startup/shutdown.
[[0;32m  OK  [0m] Started Snap Daemon.
         Starting Wait until snapd is fully seeded...
[[0;32m  OK  [0m] Started Pollinate to seed the pseudo random number generator.
         Starting OpenBSD Secure Shell server...

Ubuntu 18.04.6 LTS ubuntu-bionic ttyS0

ubuntu-bionic login: 